<wasm-test>
  <k>
    .K
  </k>
  <wasm>
    <instrs>
      .K
    </instrs>
    <valstack>
      .ValStack
    </valstack>
    <curFrame>
      <locals>
        .Map
      </locals>
      <curModIdx>
        .Int
      </curModIdx>
    </curFrame>
    <moduleRegistry>
      .Map
    </moduleRegistry>
    <moduleIds>
      .Map
    </moduleIds>
    <moduleInstances>
      .ModuleInstCellMap
    </moduleInstances>
    <nextModuleIdx>
      0
    </nextModuleIdx>
    <mainStore>
      <funcs>
        .FuncDefCellMap
      </funcs>
      <nextFuncAddr>
        0
      </nextFuncAddr>
      <tabs>
        .TabInstCellMap
      </tabs>
      <nextTabAddr>
        0
      </nextTabAddr>
      <mems>
        .MemInstCellMap
      </mems>
      <nextMemAddr>
        0
      </nextMemAddr>
      <globals>
        .GlobalInstCellMap
      </globals>
      <nextGlobAddr>
        0
      </nextGlobAddr>
      <elems>
        .ElemInstCellMap
      </elems>
      <nextElemAddr>
        0
      </nextElemAddr>
    </mainStore>
    <deterministicMemoryGrowth>
      true
    </deterministicMemoryGrowth>
  </wasm>
</wasm-test>
